// Jest Snapshot v1, https://goo.gl/fbAQLP

exports[`DeclarationComputer: bug 1820 maternity leaves  1`] = `
{
  "computablePoints": 100,
  "highRemunerationsScore": 10,
  "index": 92,
  "maternityLeavesScore": 15,
  "points": 92,
  "promotionsScore": 10,
  "remunerationsScore": 37,
  "salaryRaisesAndPromotionsScore": undefined,
  "salaryRaisesScore": 20,
}
`;
