// Jest Snapshot v1, https://goo.gl/fbAQLP

exports[`test calculIndicateurDeuxTrois test data 1`] = `
Object {
  "correctionMeasure": false,
  "effectifsIndicateurCalculable": true,
  "indicateurCalculable": true,
  "indicateurEcartAugmentationPromotion": 11.1905,
  "indicateurEcartNombreEquivalentSalaries": 3.1,
  "indicateurSexeSurRepresente": "hommes",
  "noteEcartNombreSalaries": 25,
  "noteEcartTaux": 0,
  "noteIndicateurDeuxTrois": 25,
  "plusPetitNombreSalaries": "hommes",
  "tauxAugmentationPromotionFemmes": 0.06666666666666667,
  "tauxAugmentationPromotionHommes": 0.17857142857142858,
}
`;
