// Jest Snapshot v1, https://goo.gl/fbAQLP

exports[`should match snapshot 1`] = `
{
  "asFragment": [Function],
  "baseElement": <body
    class="chakra-ui-light"
  >
    <div>
      <div
        class="css-zf0iqh"
      >
        <header
          class="css-6rrd1m"
          role="banner"
        >
          <div
            class="css-9v6k7z"
          >
            <div
              class="chakra-container css-11vl7h3"
            >
              <ul
                class="chakra-stack css-9zlpoh"
                role="list"
              >
                <li
                  class="css-0"
                >
                  <a
                    class="chakra-link css-spn4bz"
                    href="#main"
                  >
                    Aller au contenu
                  </a>
                </li>
                <li
                  class="css-0"
                >
                  <a
                    class="chakra-link css-spn4bz"
                    href="#footer"
                  >
                    Aller au pied de page
                  </a>
                </li>
              </ul>
            </div>
          </div>
          <div
            class="chakra-container css-11vl7h3"
            id="menu"
          >
            <div
              class="css-1ibkps6"
            >
              <div
                class="css-whilru"
              >
                <a
                  class="chakra-link css-msbdq"
                  href="https://travail-emploi.gouv.fr/"
                  rel="noopener"
                  target="_blank"
                >
                  <img
                    alt="Aller à la page d'accueil du Ministère du travail, de l'emploi et de l'insertion"
                    class="chakra-image css-6t4orf"
                    src="/icons/marianne.svg"
                  />
                </a>
              </div>
              <div
                class="css-1fm0la2"
              >
                <a
                  class="chakra-link css-1wvu6nm"
                  href="/"
                >
                  Egapro
                </a>
                <p
                  class="chakra-text css-dw5ttn"
                >
                  Index de l’égalité professionnelle et représentation équilibrée
                </p>
              </div>
            </div>
          </div>
        </header>
        <main
          class="css-opostm"
          id="main"
          role="main"
        >
          <div
            class="chakra-container css-14vcoqp"
          >
            Hello
          </div>
        </main>
        <footer
          class="css-1aolk1p"
          id="footer"
          role="contentinfo"
        >
          <div
            class="chakra-container css-140na8g"
          >
            <div
              class="css-v3i7xg"
            >
              <div
                class="css-1ffgthf"
              >
                <a
                  class="chakra-link css-9tv0aq"
                  href="https://travail-emploi.gouv.fr/"
                  rel="noopener"
                  target="_blank"
                >
                  <img
                    alt="Aller à la page d'accueil du Ministère du travail, de l'emploi et de l'insertion"
                    class="chakra-image css-6t4orf"
                    src="/icons/marianne.svg"
                  />
                </a>
              </div>
              <ul
                class="css-11ji3cx"
                role="list"
              />
            </div>
            <div
              class="css-1tqkm5s"
            >
              <p
                class="chakra-text css-ltugf9"
              >
                Index Egapro et Représentation équilibrée sont développés et maintenus par les équipes de la fabrique numérique des ministères sociaux.
              </p>
              <div
                class="chakra-stack css-14r7i8g"
              >
                <span
                  class="chakra-text css-itvw0n"
                >
                  Contact: 
                  <a
                    class="chakra-link css-17hbvgh"
                    href="mailto:index@travail.gouv.fr"
                    rel="noopener"
                    target="_blank"
                  >
                    index@travail.gouv.fr
                  </a>
                </span>
                <span
                  class="chakra-text css-itvw0n"
                >
                  <a
                    class="chakra-link css-17hbvgh"
                    href="https://github.com/SocialGouv/egapro/commit/<githubSha>"
                    rel="noopener"
                    target="_blank"
                  >
                    Contribuer sur GitHub
                  </a>
                </span>
              </div>
            </div>
          </div>
        </footer>
      </div>
      <span
        hidden=""
        id="__chakra_env"
      />
    </div>
    <div
      class="chakra-portal"
    >
      <ul
        aria-live="polite"
        id="chakra-toast-manager-top"
        role="region"
        style="position: fixed; z-index: var(--toast-z-index, 5500); pointer-events: none; display: flex; flex-direction: column; margin: 0px auto;"
      />
      <ul
        aria-live="polite"
        id="chakra-toast-manager-top-left"
        role="region"
        style="position: fixed; z-index: var(--toast-z-index, 5500); pointer-events: none; display: flex; flex-direction: column;"
      />
      <ul
        aria-live="polite"
        id="chakra-toast-manager-top-right"
        role="region"
        style="position: fixed; z-index: var(--toast-z-index, 5500); pointer-events: none; display: flex; flex-direction: column;"
      />
      <ul
        aria-live="polite"
        id="chakra-toast-manager-bottom-left"
        role="region"
        style="position: fixed; z-index: var(--toast-z-index, 5500); pointer-events: none; display: flex; flex-direction: column;"
      />
      <ul
        aria-live="polite"
        id="chakra-toast-manager-bottom"
        role="region"
        style="position: fixed; z-index: var(--toast-z-index, 5500); pointer-events: none; display: flex; flex-direction: column; margin: 0px auto;"
      />
      <ul
        aria-live="polite"
        id="chakra-toast-manager-bottom-right"
        role="region"
        style="position: fixed; z-index: var(--toast-z-index, 5500); pointer-events: none; display: flex; flex-direction: column;"
      />
    </div>
  </body>,
  "container": <div>
    <div
      class="css-zf0iqh"
    >
      <header
        class="css-6rrd1m"
        role="banner"
      >
        <div
          class="css-9v6k7z"
        >
          <div
            class="chakra-container css-11vl7h3"
          >
            <ul
              class="chakra-stack css-9zlpoh"
              role="list"
            >
              <li
                class="css-0"
              >
                <a
                  class="chakra-link css-spn4bz"
                  href="#main"
                >
                  Aller au contenu
                </a>
              </li>
              <li
                class="css-0"
              >
                <a
                  class="chakra-link css-spn4bz"
                  href="#footer"
                >
                  Aller au pied de page
                </a>
              </li>
            </ul>
          </div>
        </div>
        <div
          class="chakra-container css-11vl7h3"
          id="menu"
        >
          <div
            class="css-1ibkps6"
          >
            <div
              class="css-whilru"
            >
              <a
                class="chakra-link css-msbdq"
                href="https://travail-emploi.gouv.fr/"
                rel="noopener"
                target="_blank"
              >
                <img
                  alt="Aller à la page d'accueil du Ministère du travail, de l'emploi et de l'insertion"
                  class="chakra-image css-6t4orf"
                  src="/icons/marianne.svg"
                />
              </a>
            </div>
            <div
              class="css-1fm0la2"
            >
              <a
                class="chakra-link css-1wvu6nm"
                href="/"
              >
                Egapro
              </a>
              <p
                class="chakra-text css-dw5ttn"
              >
                Index de l’égalité professionnelle et représentation équilibrée
              </p>
            </div>
          </div>
        </div>
      </header>
      <main
        class="css-opostm"
        id="main"
        role="main"
      >
        <div
          class="chakra-container css-14vcoqp"
        >
          Hello
        </div>
      </main>
      <footer
        class="css-1aolk1p"
        id="footer"
        role="contentinfo"
      >
        <div
          class="chakra-container css-140na8g"
        >
          <div
            class="css-v3i7xg"
          >
            <div
              class="css-1ffgthf"
            >
              <a
                class="chakra-link css-9tv0aq"
                href="https://travail-emploi.gouv.fr/"
                rel="noopener"
                target="_blank"
              >
                <img
                  alt="Aller à la page d'accueil du Ministère du travail, de l'emploi et de l'insertion"
                  class="chakra-image css-6t4orf"
                  src="/icons/marianne.svg"
                />
              </a>
            </div>
            <ul
              class="css-11ji3cx"
              role="list"
            />
          </div>
          <div
            class="css-1tqkm5s"
          >
            <p
              class="chakra-text css-ltugf9"
            >
              Index Egapro et Représentation équilibrée sont développés et maintenus par les équipes de la fabrique numérique des ministères sociaux.
            </p>
            <div
              class="chakra-stack css-14r7i8g"
            >
              <span
                class="chakra-text css-itvw0n"
              >
                Contact: 
                <a
                  class="chakra-link css-17hbvgh"
                  href="mailto:index@travail.gouv.fr"
                  rel="noopener"
                  target="_blank"
                >
                  index@travail.gouv.fr
                </a>
              </span>
              <span
                class="chakra-text css-itvw0n"
              >
                <a
                  class="chakra-link css-17hbvgh"
                  href="https://github.com/SocialGouv/egapro/commit/<githubSha>"
                  rel="noopener"
                  target="_blank"
                >
                  Contribuer sur GitHub
                </a>
              </span>
            </div>
          </div>
        </div>
      </footer>
    </div>
    <span
      hidden=""
      id="__chakra_env"
    />
  </div>,
  "debug": [Function],
  "findAllByAltText": [Function],
  "findAllByDisplayValue": [Function],
  "findAllByLabelText": [Function],
  "findAllByPlaceholderText": [Function],
  "findAllByRole": [Function],
  "findAllByTestId": [Function],
  "findAllByText": [Function],
  "findAllByTitle": [Function],
  "findByAltText": [Function],
  "findByDisplayValue": [Function],
  "findByLabelText": [Function],
  "findByPlaceholderText": [Function],
  "findByRole": [Function],
  "findByTestId": [Function],
  "findByText": [Function],
  "findByTitle": [Function],
  "getAllByAltText": [Function],
  "getAllByDisplayValue": [Function],
  "getAllByLabelText": [Function],
  "getAllByPlaceholderText": [Function],
  "getAllByRole": [Function],
  "getAllByTestId": [Function],
  "getAllByText": [Function],
  "getAllByTitle": [Function],
  "getByAltText": [Function],
  "getByDisplayValue": [Function],
  "getByLabelText": [Function],
  "getByPlaceholderText": [Function],
  "getByRole": [Function],
  "getByTestId": [Function],
  "getByText": [Function],
  "getByTitle": [Function],
  "queryAllByAltText": [Function],
  "queryAllByDisplayValue": [Function],
  "queryAllByLabelText": [Function],
  "queryAllByPlaceholderText": [Function],
  "queryAllByRole": [Function],
  "queryAllByTestId": [Function],
  "queryAllByText": [Function],
  "queryAllByTitle": [Function],
  "queryByAltText": [Function],
  "queryByDisplayValue": [Function],
  "queryByLabelText": [Function],
  "queryByPlaceholderText": [Function],
  "queryByRole": [Function],
  "queryByTestId": [Function],
  "queryByText": [Function],
  "queryByTitle": [Function],
  "rerender": [Function],
  "unmount": [Function],
}
`;
