// Jest Snapshot v1, https://goo.gl/fbAQLP

exports[`should match snapshot 1`] = `
Object {
  "asFragment": [Function],
  "baseElement": <body>
    <div
      id="chakra-toast-portal"
    >
      <ul
        id="chakra-toast-manager-top"
        style="position: fixed; z-index: 5500; pointer-events: none; display: flex; flex-direction: column; margin: 0px auto;"
      />
      <ul
        id="chakra-toast-manager-top-left"
        style="position: fixed; z-index: 5500; pointer-events: none; display: flex; flex-direction: column;"
      />
      <ul
        id="chakra-toast-manager-top-right"
        style="position: fixed; z-index: 5500; pointer-events: none; display: flex; flex-direction: column;"
      />
      <ul
        id="chakra-toast-manager-bottom-left"
        style="position: fixed; z-index: 5500; pointer-events: none; display: flex; flex-direction: column;"
      />
      <ul
        id="chakra-toast-manager-bottom"
        style="position: fixed; z-index: 5500; pointer-events: none; display: flex; flex-direction: column; margin: 0px auto;"
      />
      <ul
        id="chakra-toast-manager-bottom-right"
        style="position: fixed; z-index: 5500; pointer-events: none; display: flex; flex-direction: column;"
      />
    </div>
    <div>
      <footer
        class="css-1dthsy1"
        id="footer"
        role="contentinfo"
      >
        <div
          class="chakra-container css-14xld82"
        >
          <div
            class="css-v3i7xg"
          >
            <div
              class="css-111wug5"
            >
              <a
                class="chakra-link css-1xbuty4"
                href="https://travail-emploi.gouv.fr/"
                rel="noopener"
                target="_blank"
              >
                <img
                  alt="Aller à la page d'accueil du Ministère du travail, de l'emploi et de l'insertion"
                  class="chakra-image css-6t4orf"
                  src="/icons/marianne.svg"
                />
              </a>
            </div>
            <ul
              class="css-2xogyv"
              role="list"
            >
              <li
                class="css-0"
              >
                <a
                  class="chakra-link css-0"
                  href="https://travail-emploi.gouv.fr/IMG/xlsx/referents_egalite_professionnelle.xlsx"
                  rel="noopener"
                  target="_blank"
                >
                  <div
                    class="css-gmuwbf"
                  >
                    Télécharger la liste des référents Egapro (XLSX, 22 Ko) 
                    <svg
                      class="chakra-icon css-417j41"
                      focusable="false"
                      viewBox="0 0 24 24"
                    >
                      <g
                        fill="none"
                        stroke="currentColor"
                        stroke-linecap="round"
                        stroke-width="2"
                      >
                        <path
                          d="M18 13v6a2 2 0 0 1-2 2H5a2 2 0 0 1-2-2V8a2 2 0 0 1 2-2h6"
                        />
                        <path
                          d="M15 3h6v6"
                        />
                        <path
                          d="M10 14L21 3"
                        />
                      </g>
                    </svg>
                  </div>
                </a>
              </li>
              <li
                class="css-0"
              >
                <a
                  class="chakra-link css-0"
                >
                  Mentions légales
                </a>
              </li>
              <li
                class="css-0"
              >
                <a
                  class="chakra-link css-0"
                  href="/a11y/declaration-accessibilite-rgaa-4-1.pdf"
                >
                  Accessibilité : partiellement conforme
                </a>
              </li>
              <li
                class="css-0"
              >
                <a
                  class="chakra-link css-0"
                >
                  Conditions générales d'utilisation
                </a>
              </li>
              <li
                class="css-0"
              >
                <a
                  class="chakra-link css-0"
                >
                  Politique de confidentialité
                </a>
              </li>
            </ul>
          </div>
          <div
            class="css-1tqkm5s"
          >
            <i
              class="chakra-text css-g5hezf"
            >
              Index Egapro a été développé par les équipes de la fabrique numérique des ministères sociaux
            </i>
            <p
              class="chakra-text css-iesxu2"
            >
              Pour nous aider à l'améliorer
               
              <a
                class="chakra-link css-1qsits3"
                href="https://voxusagers.numerique.gouv.fr/Demarches/2240?&view-mode=formulaire-avis&nd_mode=en-ligne-enti%C3%A8rement&nd_source=button&key=73366ddb13d498f4c77d01c2983bab48"
                rel="noopener"
                target="_blank"
              >
                donnez-nous votre avis
              </a>
              , 
              <a
                class="chakra-link css-1qsits3"
                href="https://github.com/SocialGouv/egapro/tree/1.21.0"
                rel="noopener"
                target="_blank"
              >
                contribuez sur Github
              </a>
            </p>
          </div>
        </div>
      </footer>
    </div>
  </body>,
  "container": <div>
    <footer
      class="css-1dthsy1"
      id="footer"
      role="contentinfo"
    >
      <div
        class="chakra-container css-14xld82"
      >
        <div
          class="css-v3i7xg"
        >
          <div
            class="css-111wug5"
          >
            <a
              class="chakra-link css-1xbuty4"
              href="https://travail-emploi.gouv.fr/"
              rel="noopener"
              target="_blank"
            >
              <img
                alt="Aller à la page d'accueil du Ministère du travail, de l'emploi et de l'insertion"
                class="chakra-image css-6t4orf"
                src="/icons/marianne.svg"
              />
            </a>
          </div>
          <ul
            class="css-2xogyv"
            role="list"
          >
            <li
              class="css-0"
            >
              <a
                class="chakra-link css-0"
                href="https://travail-emploi.gouv.fr/IMG/xlsx/referents_egalite_professionnelle.xlsx"
                rel="noopener"
                target="_blank"
              >
                <div
                  class="css-gmuwbf"
                >
                  Télécharger la liste des référents Egapro (XLSX, 22 Ko) 
                  <svg
                    class="chakra-icon css-417j41"
                    focusable="false"
                    viewBox="0 0 24 24"
                  >
                    <g
                      fill="none"
                      stroke="currentColor"
                      stroke-linecap="round"
                      stroke-width="2"
                    >
                      <path
                        d="M18 13v6a2 2 0 0 1-2 2H5a2 2 0 0 1-2-2V8a2 2 0 0 1 2-2h6"
                      />
                      <path
                        d="M15 3h6v6"
                      />
                      <path
                        d="M10 14L21 3"
                      />
                    </g>
                  </svg>
                </div>
              </a>
            </li>
            <li
              class="css-0"
            >
              <a
                class="chakra-link css-0"
              >
                Mentions légales
              </a>
            </li>
            <li
              class="css-0"
            >
              <a
                class="chakra-link css-0"
                href="/a11y/declaration-accessibilite-rgaa-4-1.pdf"
              >
                Accessibilité : partiellement conforme
              </a>
            </li>
            <li
              class="css-0"
            >
              <a
                class="chakra-link css-0"
              >
                Conditions générales d'utilisation
              </a>
            </li>
            <li
              class="css-0"
            >
              <a
                class="chakra-link css-0"
              >
                Politique de confidentialité
              </a>
            </li>
          </ul>
        </div>
        <div
          class="css-1tqkm5s"
        >
          <i
            class="chakra-text css-g5hezf"
          >
            Index Egapro a été développé par les équipes de la fabrique numérique des ministères sociaux
          </i>
          <p
            class="chakra-text css-iesxu2"
          >
            Pour nous aider à l'améliorer
             
            <a
              class="chakra-link css-1qsits3"
              href="https://voxusagers.numerique.gouv.fr/Demarches/2240?&view-mode=formulaire-avis&nd_mode=en-ligne-enti%C3%A8rement&nd_source=button&key=73366ddb13d498f4c77d01c2983bab48"
              rel="noopener"
              target="_blank"
            >
              donnez-nous votre avis
            </a>
            , 
            <a
              class="chakra-link css-1qsits3"
              href="https://github.com/SocialGouv/egapro/tree/1.21.0"
              rel="noopener"
              target="_blank"
            >
              contribuez sur Github
            </a>
          </p>
        </div>
      </div>
    </footer>
  </div>,
  "debug": [Function],
  "findAllByAltText": [Function],
  "findAllByDisplayValue": [Function],
  "findAllByLabelText": [Function],
  "findAllByPlaceholderText": [Function],
  "findAllByRole": [Function],
  "findAllByTestId": [Function],
  "findAllByText": [Function],
  "findAllByTitle": [Function],
  "findByAltText": [Function],
  "findByDisplayValue": [Function],
  "findByLabelText": [Function],
  "findByPlaceholderText": [Function],
  "findByRole": [Function],
  "findByTestId": [Function],
  "findByText": [Function],
  "findByTitle": [Function],
  "getAllByAltText": [Function],
  "getAllByDisplayValue": [Function],
  "getAllByLabelText": [Function],
  "getAllByPlaceholderText": [Function],
  "getAllByRole": [Function],
  "getAllByTestId": [Function],
  "getAllByText": [Function],
  "getAllByTitle": [Function],
  "getByAltText": [Function],
  "getByDisplayValue": [Function],
  "getByLabelText": [Function],
  "getByPlaceholderText": [Function],
  "getByRole": [Function],
  "getByTestId": [Function],
  "getByText": [Function],
  "getByTitle": [Function],
  "queryAllByAltText": [Function],
  "queryAllByDisplayValue": [Function],
  "queryAllByLabelText": [Function],
  "queryAllByPlaceholderText": [Function],
  "queryAllByRole": [Function],
  "queryAllByTestId": [Function],
  "queryAllByText": [Function],
  "queryAllByTitle": [Function],
  "queryByAltText": [Function],
  "queryByDisplayValue": [Function],
  "queryByLabelText": [Function],
  "queryByPlaceholderText": [Function],
  "queryByRole": [Function],
  "queryByTestId": [Function],
  "queryByText": [Function],
  "queryByTitle": [Function],
  "rerender": [Function],
  "unmount": [Function],
}
`;
