// Jest Snapshot v1, https://goo.gl/fbAQLP

exports[`should match snapshot 1`] = `
Object {
  "asFragment": [Function],
  "baseElement": <body>
    <div
      id="chakra-toast-portal"
    >
      <ul
        id="chakra-toast-manager-top"
        style="position: fixed; z-index: 5500; pointer-events: none; display: flex; flex-direction: column; margin: 0px auto;"
      />
      <ul
        id="chakra-toast-manager-top-left"
        style="position: fixed; z-index: 5500; pointer-events: none; display: flex; flex-direction: column;"
      />
      <ul
        id="chakra-toast-manager-top-right"
        style="position: fixed; z-index: 5500; pointer-events: none; display: flex; flex-direction: column;"
      />
      <ul
        id="chakra-toast-manager-bottom-left"
        style="position: fixed; z-index: 5500; pointer-events: none; display: flex; flex-direction: column;"
      />
      <ul
        id="chakra-toast-manager-bottom"
        style="position: fixed; z-index: 5500; pointer-events: none; display: flex; flex-direction: column; margin: 0px auto;"
      />
      <ul
        id="chakra-toast-manager-bottom-right"
        style="position: fixed; z-index: 5500; pointer-events: none; display: flex; flex-direction: column;"
      />
    </div>
    <div>
      <header
        class="css-3p1eay"
        role="banner"
      >
        <div
          class="css-whfgkw"
        >
          <div
            class="chakra-container css-tflc3m"
          >
            <ul
              class="chakra-stack css-dr17qb"
              role="list"
            >
              <li
                class="css-0"
              >
                <a
                  class="chakra-link css-0"
                  href="#main"
                >
                  Aller au contenu
                </a>
              </li>
              <li
                class="css-0"
              >
                <a
                  class="chakra-link css-0"
                  href="#footer"
                >
                  Aller au pied de page
                </a>
              </li>
            </ul>
          </div>
        </div>
        <div
          class="chakra-container css-tflc3m"
          id="menu"
        >
          <div
            class="css-1ebpvxu"
          >
            <div
              class="css-tj0ab2"
            >
              <a
                class="chakra-link css-13o7eu2"
                href="https://travail-emploi.gouv.fr/"
                rel="noopener noreferrer"
                target="_blank"
              >
                <img
                  alt="Aller à la page d'accueil du Ministère du travail, de l'emploi et de l'insertion"
                  class="chakra-image css-6t4orf"
                  src="/consulter-index/icons/marianne.svg"
                />
              </a>
            </div>
            <div
              class="css-nbt6tq"
            >
              <a
                class="chakra-link css-1n49pl7"
                href="/"
              >
                Index Egapro
              </a>
              <p
                class="chakra-text css-1lj023j"
              >
                L'outil de calcul et de déclaration de votre index égalité professionnelle Femmes-Hommes
              </p>
            </div>
          </div>
        </div>
      </header>
    </div>
  </body>,
  "container": <div>
    <header
      class="css-3p1eay"
      role="banner"
    >
      <div
        class="css-whfgkw"
      >
        <div
          class="chakra-container css-tflc3m"
        >
          <ul
            class="chakra-stack css-dr17qb"
            role="list"
          >
            <li
              class="css-0"
            >
              <a
                class="chakra-link css-0"
                href="#main"
              >
                Aller au contenu
              </a>
            </li>
            <li
              class="css-0"
            >
              <a
                class="chakra-link css-0"
                href="#footer"
              >
                Aller au pied de page
              </a>
            </li>
          </ul>
        </div>
      </div>
      <div
        class="chakra-container css-tflc3m"
        id="menu"
      >
        <div
          class="css-1ebpvxu"
        >
          <div
            class="css-tj0ab2"
          >
            <a
              class="chakra-link css-13o7eu2"
              href="https://travail-emploi.gouv.fr/"
              rel="noopener noreferrer"
              target="_blank"
            >
              <img
                alt="Aller à la page d'accueil du Ministère du travail, de l'emploi et de l'insertion"
                class="chakra-image css-6t4orf"
                src="/consulter-index/icons/marianne.svg"
              />
            </a>
          </div>
          <div
            class="css-nbt6tq"
          >
            <a
              class="chakra-link css-1n49pl7"
              href="/"
            >
              Index Egapro
            </a>
            <p
              class="chakra-text css-1lj023j"
            >
              L'outil de calcul et de déclaration de votre index égalité professionnelle Femmes-Hommes
            </p>
          </div>
        </div>
      </div>
    </header>
  </div>,
  "debug": [Function],
  "findAllByAltText": [Function],
  "findAllByDisplayValue": [Function],
  "findAllByLabelText": [Function],
  "findAllByPlaceholderText": [Function],
  "findAllByRole": [Function],
  "findAllByTestId": [Function],
  "findAllByText": [Function],
  "findAllByTitle": [Function],
  "findByAltText": [Function],
  "findByDisplayValue": [Function],
  "findByLabelText": [Function],
  "findByPlaceholderText": [Function],
  "findByRole": [Function],
  "findByTestId": [Function],
  "findByText": [Function],
  "findByTitle": [Function],
  "getAllByAltText": [Function],
  "getAllByDisplayValue": [Function],
  "getAllByLabelText": [Function],
  "getAllByPlaceholderText": [Function],
  "getAllByRole": [Function],
  "getAllByTestId": [Function],
  "getAllByText": [Function],
  "getAllByTitle": [Function],
  "getByAltText": [Function],
  "getByDisplayValue": [Function],
  "getByLabelText": [Function],
  "getByPlaceholderText": [Function],
  "getByRole": [Function],
  "getByTestId": [Function],
  "getByText": [Function],
  "getByTitle": [Function],
  "queryAllByAltText": [Function],
  "queryAllByDisplayValue": [Function],
  "queryAllByLabelText": [Function],
  "queryAllByPlaceholderText": [Function],
  "queryAllByRole": [Function],
  "queryAllByTestId": [Function],
  "queryAllByText": [Function],
  "queryAllByTitle": [Function],
  "queryByAltText": [Function],
  "queryByDisplayValue": [Function],
  "queryByLabelText": [Function],
  "queryByPlaceholderText": [Function],
  "queryByRole": [Function],
  "queryByTestId": [Function],
  "queryByText": [Function],
  "queryByTitle": [Function],
  "rerender": [Function],
  "unmount": [Function],
}
`;
