// Jest Snapshot v1, https://goo.gl/fbAQLP

exports[`should match snapshot 1`] = `
Object {
  "asFragment": [Function],
  "baseElement": <body>
    <div>
      <div
        class="fr-form-group"
      >
        <fieldset
          class="fr-fieldset fr-fieldset--valid"
          role="group"
        >
          <legend
            class="fr-fieldset__legend fr-text--regular"
            id="legendId"
          >
            Légende
          </legend>
          <div
            class="fr-fieldset__content"
          >
            <div
              class="fr-radio-group fr-radio-group--sm"
            >
              <input
                id="inputId1"
                type="radio"
              />
              <label
                class="fr-label"
                for="inputId1"
              >
                radio 1
              </label>
            </div>
            <div
              class="fr-radio-group fr-radio-group--sm"
            >
              <input
                id="inputId2"
                type="radio"
              />
              <label
                class="fr-label"
                for="inputId2"
              >
                radio 2
              </label>
            </div>
            <div
              class="fr-radio-group fr-radio-group--sm"
            >
              <input
                id="inputId3"
                type="radio"
              />
              <label
                class="fr-label"
                for="inputId3"
              >
                radio 3
              </label>
            </div>
          </div>
          <p
            class="fr-fieldset fr-valid-text"
            id="radio-valid-desc-valid"
          >
            Validé
          </p>
        </fieldset>
      </div>
    </div>
  </body>,
  "container": <div>
    <div
      class="fr-form-group"
    >
      <fieldset
        class="fr-fieldset fr-fieldset--valid"
        role="group"
      >
        <legend
          class="fr-fieldset__legend fr-text--regular"
          id="legendId"
        >
          Légende
        </legend>
        <div
          class="fr-fieldset__content"
        >
          <div
            class="fr-radio-group fr-radio-group--sm"
          >
            <input
              id="inputId1"
              type="radio"
            />
            <label
              class="fr-label"
              for="inputId1"
            >
              radio 1
            </label>
          </div>
          <div
            class="fr-radio-group fr-radio-group--sm"
          >
            <input
              id="inputId2"
              type="radio"
            />
            <label
              class="fr-label"
              for="inputId2"
            >
              radio 2
            </label>
          </div>
          <div
            class="fr-radio-group fr-radio-group--sm"
          >
            <input
              id="inputId3"
              type="radio"
            />
            <label
              class="fr-label"
              for="inputId3"
            >
              radio 3
            </label>
          </div>
        </div>
        <p
          class="fr-fieldset fr-valid-text"
          id="radio-valid-desc-valid"
        >
          Validé
        </p>
      </fieldset>
    </div>
  </div>,
  "debug": [Function],
  "findAllByAltText": [Function],
  "findAllByDisplayValue": [Function],
  "findAllByLabelText": [Function],
  "findAllByPlaceholderText": [Function],
  "findAllByRole": [Function],
  "findAllByTestId": [Function],
  "findAllByText": [Function],
  "findAllByTitle": [Function],
  "findByAltText": [Function],
  "findByDisplayValue": [Function],
  "findByLabelText": [Function],
  "findByPlaceholderText": [Function],
  "findByRole": [Function],
  "findByTestId": [Function],
  "findByText": [Function],
  "findByTitle": [Function],
  "getAllByAltText": [Function],
  "getAllByDisplayValue": [Function],
  "getAllByLabelText": [Function],
  "getAllByPlaceholderText": [Function],
  "getAllByRole": [Function],
  "getAllByTestId": [Function],
  "getAllByText": [Function],
  "getAllByTitle": [Function],
  "getByAltText": [Function],
  "getByDisplayValue": [Function],
  "getByLabelText": [Function],
  "getByPlaceholderText": [Function],
  "getByRole": [Function],
  "getByTestId": [Function],
  "getByText": [Function],
  "getByTitle": [Function],
  "queryAllByAltText": [Function],
  "queryAllByDisplayValue": [Function],
  "queryAllByLabelText": [Function],
  "queryAllByPlaceholderText": [Function],
  "queryAllByRole": [Function],
  "queryAllByTestId": [Function],
  "queryAllByText": [Function],
  "queryAllByTitle": [Function],
  "queryByAltText": [Function],
  "queryByDisplayValue": [Function],
  "queryByLabelText": [Function],
  "queryByPlaceholderText": [Function],
  "queryByRole": [Function],
  "queryByTestId": [Function],
  "queryByText": [Function],
  "queryByTitle": [Function],
  "rerender": [Function],
  "unmount": [Function],
}
`;
