// Jest Snapshot v1, https://goo.gl/fbAQLP

exports[`validateDeclaration change complete state 1`] = `
Object {
  "declaration": Object {
    "cseMisEnPlace": true,
    "dateConsultationCSE": "01/02/2019",
    "dateDeclaration": "07/01/2020 10:38",
    "datePublication": "01/02/2020",
    "formValidated": "Valid",
    "lienPublication": "https://example.com",
    "mesuresCorrection": "mmo",
    "modalitesPublication": "",
    "noteIndex": 78,
    "planRelance": undefined,
    "publicationSurSiteInternet": true,
    "totalPoint": 66,
    "totalPointCalculable": 85,
  },
  "effectif": Object {
    "formValidated": "None",
    "nombreSalaries": Array [
      Object {
        "categorieSocioPro": 0,
        "tranchesAges": Array [
          Object {
            "nombreSalariesFemmes": 23,
            "nombreSalariesHommes": 32,
            "trancheAge": 0,
          },
          Object {
            "nombreSalariesFemmes": 12,
            "nombreSalariesHommes": 13,
            "trancheAge": 1,
          },
          Object {
            "nombreSalariesFemmes": 34,
            "nombreSalariesHommes": 7,
            "trancheAge": 2,
          },
          Object {
            "nombreSalariesFemmes": 5,
            "nombreSalariesHommes": 21,
            "trancheAge": 3,
          },
        ],
      },
      Object {
        "categorieSocioPro": 1,
        "tranchesAges": Array [
          Object {
            "nombreSalariesFemmes": 63,
            "nombreSalariesHommes": 25,
            "trancheAge": 0,
          },
          Object {
            "nombreSalariesFemmes": 52,
            "nombreSalariesHommes": 62,
            "trancheAge": 1,
          },
          Object {
            "nombreSalariesFemmes": 16,
            "nombreSalariesHommes": 18,
            "trancheAge": 2,
          },
          Object {
            "nombreSalariesFemmes": 27,
            "nombreSalariesHommes": 19,
            "trancheAge": 3,
          },
        ],
      },
      Object {
        "categorieSocioPro": 2,
        "tranchesAges": Array [
          Object {
            "nombreSalariesFemmes": 14,
            "nombreSalariesHommes": 15,
            "trancheAge": 0,
          },
          Object {
            "nombreSalariesFemmes": 4,
            "nombreSalariesHommes": 5,
            "trancheAge": 1,
          },
          Object {
            "nombreSalariesFemmes": 6,
            "nombreSalariesHommes": 8,
            "trancheAge": 2,
          },
          Object {
            "nombreSalariesFemmes": 7,
            "nombreSalariesHommes": 7,
            "trancheAge": 3,
          },
        ],
      },
      Object {
        "categorieSocioPro": 3,
        "tranchesAges": Array [
          Object {
            "nombreSalariesFemmes": 7,
            "nombreSalariesHommes": 8,
            "trancheAge": 0,
          },
          Object {
            "nombreSalariesFemmes": 10,
            "nombreSalariesHommes": 8,
            "trancheAge": 1,
          },
          Object {
            "nombreSalariesFemmes": 13,
            "nombreSalariesHommes": 13,
            "trancheAge": 2,
          },
          Object {
            "nombreSalariesFemmes": 16,
            "nombreSalariesHommes": 19,
            "trancheAge": 3,
          },
        ],
      },
    ],
  },
  "indicateurCinq": Object {
    "formValidated": "None",
    "nombreSalariesFemmes": 4,
    "nombreSalariesHommes": 6,
    "noteFinale": 10,
    "resultatFinal": 4,
    "sexeSurRepresente": "hommes",
  },
  "indicateurDeux": Object {
    "formValidated": "None",
    "mesuresCorrection": false,
    "motifNonCalculable": "",
    "motifNonCalculablePrecision": "",
    "noteFinale": 10,
    "presenceAugmentation": false,
    "resultatFinal": 5,
    "sexeSurRepresente": "femmes",
    "tauxAugmentation": Array [
      Object {
        "categorieSocioPro": 0,
        "ecartTauxAugmentation": undefined,
        "tauxAugmentationFemmes": 2.2,
        "tauxAugmentationHommes": 3.5,
      },
      Object {
        "categorieSocioPro": 1,
        "ecartTauxAugmentation": undefined,
        "tauxAugmentationFemmes": 1.3,
        "tauxAugmentationHommes": 2.2,
      },
      Object {
        "categorieSocioPro": 2,
        "ecartTauxAugmentation": undefined,
        "tauxAugmentationFemmes": 8.02,
        "tauxAugmentationHommes": 6.92,
      },
      Object {
        "categorieSocioPro": 3,
        "ecartTauxAugmentation": undefined,
        "tauxAugmentationFemmes": 12.15,
        "tauxAugmentationHommes": 13.56,
      },
    ],
  },
  "indicateurDeuxTrois": Object {
    "formValidated": "None",
    "mesuresCorrection": false,
    "motifNonCalculable": "",
    "motifNonCalculablePrecision": "",
    "nombreAugmentationPromotionFemmes": 1,
    "nombreAugmentationPromotionHommes": 2,
    "noteFinale": 25,
    "periodeDeclaration": "unePeriodeReference",
    "presenceAugmentationPromotion": false,
    "resultatFinalEcart": 25,
    "resultatFinalNombreSalaries": 5,
    "sexeSurRepresente": "femmes",
  },
  "indicateurQuatre": Object {
    "formValidated": "None",
    "motifNonCalculable": "",
    "motifNonCalculablePrecision": "",
    "nombreSalarieesAugmentees": 7,
    "nombreSalarieesPeriodeAugmentation": 7,
    "noteFinale": 0,
    "presenceCongeMat": false,
    "resultatFinal": 80,
  },
  "indicateurTrois": Object {
    "formValidated": "None",
    "mesuresCorrection": false,
    "motifNonCalculable": "",
    "motifNonCalculablePrecision": "",
    "noteFinale": 15,
    "presencePromotion": false,
    "resultatFinal": 3,
    "sexeSurRepresente": "femmes",
    "tauxPromotion": Array [
      Object {
        "categorieSocioPro": 0,
        "ecartTauxPromotion": undefined,
        "tauxPromotionFemmes": 1.1,
        "tauxPromotionHommes": 2.2,
      },
      Object {
        "categorieSocioPro": 1,
        "ecartTauxPromotion": undefined,
        "tauxPromotionFemmes": 0.3,
        "tauxPromotionHommes": 2,
      },
      Object {
        "categorieSocioPro": 2,
        "ecartTauxPromotion": undefined,
        "tauxPromotionFemmes": 2,
        "tauxPromotionHommes": 3,
      },
      Object {
        "categorieSocioPro": 3,
        "ecartTauxPromotion": undefined,
        "tauxPromotionFemmes": 4,
        "tauxPromotionHommes": 5.55,
      },
    ],
  },
  "indicateurUn": Object {
    "autre": false,
    "coef": false,
    "coefficient": Array [],
    "coefficientEffectifFormValidated": "None",
    "coefficientGroupFormValidated": "None",
    "csp": true,
    "formValidated": "None",
    "motifNonCalculable": "",
    "motifNonCalculablePrecision": "",
    "nombreCoefficients": 6,
    "noteFinale": 31,
    "remunerationAnnuelle": Array [
      Object {
        "categorieSocioPro": 0,
        "tranchesAges": Array [
          Object {
            "ecartTauxRemuneration": undefined,
            "remunerationAnnuelleBrutFemmes": 23000,
            "remunerationAnnuelleBrutHommes": 25000,
            "trancheAge": 0,
          },
          Object {
            "ecartTauxRemuneration": undefined,
            "remunerationAnnuelleBrutFemmes": 24000,
            "remunerationAnnuelleBrutHommes": 26000,
            "trancheAge": 1,
          },
          Object {
            "ecartTauxRemuneration": undefined,
            "remunerationAnnuelleBrutFemmes": 25500,
            "remunerationAnnuelleBrutHommes": 26000,
            "trancheAge": 2,
          },
          Object {
            "ecartTauxRemuneration": undefined,
            "remunerationAnnuelleBrutFemmes": 27500,
            "remunerationAnnuelleBrutHommes": 28000,
            "trancheAge": 3,
          },
        ],
      },
      Object {
        "categorieSocioPro": 1,
        "tranchesAges": Array [
          Object {
            "ecartTauxRemuneration": undefined,
            "remunerationAnnuelleBrutFemmes": 23000,
            "remunerationAnnuelleBrutHommes": 25000,
            "trancheAge": 0,
          },
          Object {
            "ecartTauxRemuneration": undefined,
            "remunerationAnnuelleBrutFemmes": 24000,
            "remunerationAnnuelleBrutHommes": 26000,
            "trancheAge": 1,
          },
          Object {
            "ecartTauxRemuneration": undefined,
            "remunerationAnnuelleBrutFemmes": 31000,
            "remunerationAnnuelleBrutHommes": 33000,
            "trancheAge": 2,
          },
          Object {
            "ecartTauxRemuneration": undefined,
            "remunerationAnnuelleBrutFemmes": 39000,
            "remunerationAnnuelleBrutHommes": 43000,
            "trancheAge": 3,
          },
        ],
      },
      Object {
        "categorieSocioPro": 2,
        "tranchesAges": Array [
          Object {
            "ecartTauxRemuneration": undefined,
            "remunerationAnnuelleBrutFemmes": 26000,
            "remunerationAnnuelleBrutHommes": 28000,
            "trancheAge": 0,
          },
          Object {
            "ecartTauxRemuneration": undefined,
            "remunerationAnnuelleBrutFemmes": 27000,
            "remunerationAnnuelleBrutHommes": 29000,
            "trancheAge": 1,
          },
          Object {
            "ecartTauxRemuneration": undefined,
            "remunerationAnnuelleBrutFemmes": 34000,
            "remunerationAnnuelleBrutHommes": 36000,
            "trancheAge": 2,
          },
          Object {
            "ecartTauxRemuneration": undefined,
            "remunerationAnnuelleBrutFemmes": 42000,
            "remunerationAnnuelleBrutHommes": 46000,
            "trancheAge": 3,
          },
        ],
      },
      Object {
        "categorieSocioPro": 3,
        "tranchesAges": Array [
          Object {
            "ecartTauxRemuneration": undefined,
            "remunerationAnnuelleBrutFemmes": 36000,
            "remunerationAnnuelleBrutHommes": 38000,
            "trancheAge": 0,
          },
          Object {
            "ecartTauxRemuneration": undefined,
            "remunerationAnnuelleBrutFemmes": 37000,
            "remunerationAnnuelleBrutHommes": 39000,
            "trancheAge": 1,
          },
          Object {
            "ecartTauxRemuneration": undefined,
            "remunerationAnnuelleBrutFemmes": 44000,
            "remunerationAnnuelleBrutHommes": 46000,
            "trancheAge": 2,
          },
          Object {
            "ecartTauxRemuneration": undefined,
            "remunerationAnnuelleBrutFemmes": 52000,
            "remunerationAnnuelleBrutHommes": 56000,
            "trancheAge": 3,
          },
        ],
      },
    ],
    "resultatFinal": 8,
    "sexeSurRepresente": "femmes",
  },
  "informations": Object {
    "anneeDeclaration": 2020,
    "finPeriodeReference": "2019-12-31",
    "formValidated": "None",
    "nomEntreprise": "BigCorp",
    "periodeSuffisante": true,
    "trancheEffectifs": "1000 et plus",
  },
  "informationsDeclarant": Object {
    "acceptationCGU": true,
    "email": "daffy.duck@example.com",
    "formValidated": "None",
    "nom": "Daffy",
    "prenom": "Duck",
    "tel": "0123456789",
  },
  "informationsEntreprise": Object {
    "adresse": "30 rue des alouettes",
    "codeNaf": "5678",
    "codePays": "",
    "codePostal": "12345",
    "commune": "Trifouilly",
    "departement": "Drôme",
    "entreprisesUES": Array [
      Object {
        "nom": "entreprise 1",
        "siren": "12345",
      },
      Object {
        "nom": "entreprise 2",
        "siren": "67890",
      },
    ],
    "formValidated": "None",
    "nomEntreprise": "acme",
    "nomUES": "nom d'une UES",
    "nombreEntreprises": 2,
    "region": "Auvergne-Rhône-Alpes",
    "siren": "1234",
    "structure": "Unité Economique et Sociale (UES)",
  },
}
`;

exports[`validateDeclaration change default state 1`] = `
Object {
  "declaration": Object {
    "cseMisEnPlace": undefined,
    "dateConsultationCSE": "",
    "dateDeclaration": "07/01/2020 10:38",
    "datePublication": "",
    "formValidated": "Valid",
    "lienPublication": "",
    "mesuresCorrection": "",
    "modalitesPublication": "",
    "noteIndex": 78,
    "planRelance": undefined,
    "publicationSurSiteInternet": undefined,
    "totalPoint": 66,
    "totalPointCalculable": 85,
  },
  "effectif": Object {
    "formValidated": "None",
    "nombreSalaries": Array [
      Object {
        "categorieSocioPro": 0,
        "tranchesAges": Array [
          Object {
            "nombreSalariesFemmes": undefined,
            "nombreSalariesHommes": undefined,
            "trancheAge": 0,
          },
          Object {
            "nombreSalariesFemmes": undefined,
            "nombreSalariesHommes": undefined,
            "trancheAge": 1,
          },
          Object {
            "nombreSalariesFemmes": undefined,
            "nombreSalariesHommes": undefined,
            "trancheAge": 2,
          },
          Object {
            "nombreSalariesFemmes": undefined,
            "nombreSalariesHommes": undefined,
            "trancheAge": 3,
          },
        ],
      },
      Object {
        "categorieSocioPro": 1,
        "tranchesAges": Array [
          Object {
            "nombreSalariesFemmes": undefined,
            "nombreSalariesHommes": undefined,
            "trancheAge": 0,
          },
          Object {
            "nombreSalariesFemmes": undefined,
            "nombreSalariesHommes": undefined,
            "trancheAge": 1,
          },
          Object {
            "nombreSalariesFemmes": undefined,
            "nombreSalariesHommes": undefined,
            "trancheAge": 2,
          },
          Object {
            "nombreSalariesFemmes": undefined,
            "nombreSalariesHommes": undefined,
            "trancheAge": 3,
          },
        ],
      },
      Object {
        "categorieSocioPro": 2,
        "tranchesAges": Array [
          Object {
            "nombreSalariesFemmes": undefined,
            "nombreSalariesHommes": undefined,
            "trancheAge": 0,
          },
          Object {
            "nombreSalariesFemmes": undefined,
            "nombreSalariesHommes": undefined,
            "trancheAge": 1,
          },
          Object {
            "nombreSalariesFemmes": undefined,
            "nombreSalariesHommes": undefined,
            "trancheAge": 2,
          },
          Object {
            "nombreSalariesFemmes": undefined,
            "nombreSalariesHommes": undefined,
            "trancheAge": 3,
          },
        ],
      },
      Object {
        "categorieSocioPro": 3,
        "tranchesAges": Array [
          Object {
            "nombreSalariesFemmes": undefined,
            "nombreSalariesHommes": undefined,
            "trancheAge": 0,
          },
          Object {
            "nombreSalariesFemmes": undefined,
            "nombreSalariesHommes": undefined,
            "trancheAge": 1,
          },
          Object {
            "nombreSalariesFemmes": undefined,
            "nombreSalariesHommes": undefined,
            "trancheAge": 2,
          },
          Object {
            "nombreSalariesFemmes": undefined,
            "nombreSalariesHommes": undefined,
            "trancheAge": 3,
          },
        ],
      },
    ],
  },
  "indicateurCinq": Object {
    "formValidated": "None",
    "nombreSalariesFemmes": undefined,
    "nombreSalariesHommes": undefined,
    "noteFinale": 10,
    "resultatFinal": 4,
    "sexeSurRepresente": "hommes",
  },
  "indicateurDeux": Object {
    "formValidated": "None",
    "mesuresCorrection": false,
    "motifNonCalculable": "",
    "motifNonCalculablePrecision": "",
    "noteFinale": 10,
    "presenceAugmentation": true,
    "resultatFinal": 5,
    "sexeSurRepresente": "femmes",
    "tauxAugmentation": Array [
      Object {
        "categorieSocioPro": 0,
        "ecartTauxAugmentation": undefined,
        "tauxAugmentationFemmes": undefined,
        "tauxAugmentationHommes": undefined,
      },
      Object {
        "categorieSocioPro": 1,
        "ecartTauxAugmentation": undefined,
        "tauxAugmentationFemmes": undefined,
        "tauxAugmentationHommes": undefined,
      },
      Object {
        "categorieSocioPro": 2,
        "ecartTauxAugmentation": undefined,
        "tauxAugmentationFemmes": undefined,
        "tauxAugmentationHommes": undefined,
      },
      Object {
        "categorieSocioPro": 3,
        "ecartTauxAugmentation": undefined,
        "tauxAugmentationFemmes": undefined,
        "tauxAugmentationHommes": undefined,
      },
    ],
  },
  "indicateurDeuxTrois": Object {
    "formValidated": "None",
    "mesuresCorrection": false,
    "motifNonCalculable": "",
    "motifNonCalculablePrecision": "",
    "nombreAugmentationPromotionFemmes": undefined,
    "nombreAugmentationPromotionHommes": undefined,
    "noteFinale": 25,
    "periodeDeclaration": "unePeriodeReference",
    "presenceAugmentationPromotion": true,
    "resultatFinalEcart": 25,
    "resultatFinalNombreSalaries": 5,
    "sexeSurRepresente": "femmes",
  },
  "indicateurQuatre": Object {
    "formValidated": "None",
    "motifNonCalculable": "",
    "motifNonCalculablePrecision": "",
    "nombreSalarieesAugmentees": undefined,
    "nombreSalarieesPeriodeAugmentation": undefined,
    "noteFinale": 0,
    "presenceCongeMat": true,
    "resultatFinal": 80,
  },
  "indicateurTrois": Object {
    "formValidated": "None",
    "mesuresCorrection": false,
    "motifNonCalculable": "",
    "motifNonCalculablePrecision": "",
    "noteFinale": 15,
    "presencePromotion": true,
    "resultatFinal": 3,
    "sexeSurRepresente": "femmes",
    "tauxPromotion": Array [
      Object {
        "categorieSocioPro": 0,
        "ecartTauxPromotion": undefined,
        "tauxPromotionFemmes": undefined,
        "tauxPromotionHommes": undefined,
      },
      Object {
        "categorieSocioPro": 1,
        "ecartTauxPromotion": undefined,
        "tauxPromotionFemmes": undefined,
        "tauxPromotionHommes": undefined,
      },
      Object {
        "categorieSocioPro": 2,
        "ecartTauxPromotion": undefined,
        "tauxPromotionFemmes": undefined,
        "tauxPromotionHommes": undefined,
      },
      Object {
        "categorieSocioPro": 3,
        "ecartTauxPromotion": undefined,
        "tauxPromotionFemmes": undefined,
        "tauxPromotionHommes": undefined,
      },
    ],
  },
  "indicateurUn": Object {
    "autre": false,
    "coef": false,
    "coefficient": Array [],
    "coefficientEffectifFormValidated": "None",
    "coefficientGroupFormValidated": "None",
    "csp": true,
    "formValidated": "None",
    "motifNonCalculable": "",
    "motifNonCalculablePrecision": "",
    "nombreCoefficients": 6,
    "noteFinale": 31,
    "remunerationAnnuelle": Array [
      Object {
        "categorieSocioPro": 0,
        "tranchesAges": Array [
          Object {
            "ecartTauxRemuneration": undefined,
            "remunerationAnnuelleBrutFemmes": undefined,
            "remunerationAnnuelleBrutHommes": undefined,
            "trancheAge": 0,
          },
          Object {
            "ecartTauxRemuneration": undefined,
            "remunerationAnnuelleBrutFemmes": undefined,
            "remunerationAnnuelleBrutHommes": undefined,
            "trancheAge": 1,
          },
          Object {
            "ecartTauxRemuneration": undefined,
            "remunerationAnnuelleBrutFemmes": undefined,
            "remunerationAnnuelleBrutHommes": undefined,
            "trancheAge": 2,
          },
          Object {
            "ecartTauxRemuneration": undefined,
            "remunerationAnnuelleBrutFemmes": undefined,
            "remunerationAnnuelleBrutHommes": undefined,
            "trancheAge": 3,
          },
        ],
      },
      Object {
        "categorieSocioPro": 1,
        "tranchesAges": Array [
          Object {
            "ecartTauxRemuneration": undefined,
            "remunerationAnnuelleBrutFemmes": undefined,
            "remunerationAnnuelleBrutHommes": undefined,
            "trancheAge": 0,
          },
          Object {
            "ecartTauxRemuneration": undefined,
            "remunerationAnnuelleBrutFemmes": undefined,
            "remunerationAnnuelleBrutHommes": undefined,
            "trancheAge": 1,
          },
          Object {
            "ecartTauxRemuneration": undefined,
            "remunerationAnnuelleBrutFemmes": undefined,
            "remunerationAnnuelleBrutHommes": undefined,
            "trancheAge": 2,
          },
          Object {
            "ecartTauxRemuneration": undefined,
            "remunerationAnnuelleBrutFemmes": undefined,
            "remunerationAnnuelleBrutHommes": undefined,
            "trancheAge": 3,
          },
        ],
      },
      Object {
        "categorieSocioPro": 2,
        "tranchesAges": Array [
          Object {
            "ecartTauxRemuneration": undefined,
            "remunerationAnnuelleBrutFemmes": undefined,
            "remunerationAnnuelleBrutHommes": undefined,
            "trancheAge": 0,
          },
          Object {
            "ecartTauxRemuneration": undefined,
            "remunerationAnnuelleBrutFemmes": undefined,
            "remunerationAnnuelleBrutHommes": undefined,
            "trancheAge": 1,
          },
          Object {
            "ecartTauxRemuneration": undefined,
            "remunerationAnnuelleBrutFemmes": undefined,
            "remunerationAnnuelleBrutHommes": undefined,
            "trancheAge": 2,
          },
          Object {
            "ecartTauxRemuneration": undefined,
            "remunerationAnnuelleBrutFemmes": undefined,
            "remunerationAnnuelleBrutHommes": undefined,
            "trancheAge": 3,
          },
        ],
      },
      Object {
        "categorieSocioPro": 3,
        "tranchesAges": Array [
          Object {
            "ecartTauxRemuneration": undefined,
            "remunerationAnnuelleBrutFemmes": undefined,
            "remunerationAnnuelleBrutHommes": undefined,
            "trancheAge": 0,
          },
          Object {
            "ecartTauxRemuneration": undefined,
            "remunerationAnnuelleBrutFemmes": undefined,
            "remunerationAnnuelleBrutHommes": undefined,
            "trancheAge": 1,
          },
          Object {
            "ecartTauxRemuneration": undefined,
            "remunerationAnnuelleBrutFemmes": undefined,
            "remunerationAnnuelleBrutHommes": undefined,
            "trancheAge": 2,
          },
          Object {
            "ecartTauxRemuneration": undefined,
            "remunerationAnnuelleBrutFemmes": undefined,
            "remunerationAnnuelleBrutHommes": undefined,
            "trancheAge": 3,
          },
        ],
      },
    ],
    "resultatFinal": 8,
    "sexeSurRepresente": "femmes",
  },
  "informations": Object {
    "anneeDeclaration": undefined,
    "finPeriodeReference": "",
    "formValidated": "None",
    "nomEntreprise": "",
    "periodeSuffisante": undefined,
    "trancheEffectifs": "50 à 250",
  },
  "informationsDeclarant": Object {
    "acceptationCGU": false,
    "email": "",
    "formValidated": "None",
    "nom": "",
    "prenom": "",
    "tel": "",
  },
  "informationsEntreprise": Object {
    "adresse": "",
    "codeNaf": "",
    "codePays": "",
    "codePostal": "",
    "commune": "",
    "departement": "",
    "entreprisesUES": Array [],
    "formValidated": "None",
    "nomEntreprise": "",
    "nomUES": "",
    "nombreEntreprises": undefined,
    "region": "",
    "siren": "",
    "structure": "Entreprise",
  },
}
`;
